// Jest Snapshot v1, https://goo.gl/fbAQLP

exports[`TodoList renders with default props 1`] = `
<ContextConsumer>
  <Component />
</ContextConsumer>
`;

exports[`TodoList renders without crashing 1`] = `
<ContextConsumer>
  <Component />
</ContextConsumer>
`;
